============================= test session starts =============================
platform win32 -- Python 3.13.7, pytest-9.0.2, pluggy-1.6.0 -- C:\Users\prgi10298\OneDrive - Bell Canada\Desktop\localforge\.venv\Scripts\python.exe
cachedir: .pytest_cache
rootdir: C:\Users\prgi10298\OneDrive - Bell Canada\Desktop\localforge
configfile: pyproject.toml
plugins: anyio-4.13.0, asyncio-1.3.0, mock-3.15.1
asyncio: mode=Mode.AUTO, debug=False, asyncio_default_fixture_loop_scope=None, asyncio_default_test_loop_scope=function
